[2026-02-02 18:43:57] API Request: /order/create
Data: {
    "url": "https:\/\/portal.steadfast.com.bd\/api\/v1\/order\/create",
    "method": "POST",
    "data": {
        "invoice": "ORD-20260127-120531",
        "recipient_name": "MD NAHIAN RAFI Rafi",
        "recipient_phone": "01648898806",
        "recipient_address": "87\/1  Banglanogor Road, Ati Bazar ,Keraniganj ,Dhaka",
        "cod_amount": 229,
        "note": "Please call before delivery",
        "package_code": "Parcel",
        "product_price": 229,
        "delivery_type": "cash_on_delivery"
    },
    "response_code": 404,
    "response": "<!DOCTYPE html>\n<html lang=\"en\">\n    <head>\n        <meta charset=\"utf-8\">\n        <meta name=\"viewport\" content=\"width=device-width, initial-scale=1\">\n\n        <title>Not Found<\/title>\n\n        <!-- Fonts -->\n        <link rel=\"preconnect\" href=\"https:\/\/fonts.gstatic.com\">\n        <link href=\"https:\/\/fonts.googleapis.com\/css2?family=Nunito&display=swap\" rel=\"stylesheet\">\n\n        <style>\n            \/*! normalize.css v8.0.1 | MIT License | github.com\/necolas\/normalize.css *\/html{line-height:1.15;-webkit-text-size-adjust:100%}body{margin:0}a{background-color:transparent}code{font-family:monospace,monospace;font-size:1em}[hidden]{display:none}html{font-family:system-ui,-apple-system,BlinkMacSystemFont,Segoe UI,Roboto,Helvetica Neue,Arial,Noto Sans,sans-serif,Apple Color Emoji,Segoe UI Emoji,Segoe UI Symbol,Noto Color Emoji;line-height:1.5}*,:after,:before{box-sizing:border-box;border:0 solid #e2e8f0}a{color:inherit;text-decoration:inherit}code{font-family:Menlo,Monaco,Consolas,Liberation Mono,Courier New,monospace}svg,video{display:block;vertical-align:middle}video{max-width:100%;height:auto}.bg-white{--bg-opacity:1;background-color:#fff;background-color:rgba(255,255,255,var(--bg-opacity))}.bg-gray-100{--bg-opacity:1;background-color:#f7fafc;background-color:rgba(247,250,252,var(--bg-opacity))}.border-gray-200{--border-opacity:1;border-color:#edf2f7;border-color:rgba(237,242,247,var(--border-opacity))}.border-gray-400{--border-opacity:1;border-color:#cbd5e0;border-color:rgba(203,213,224,var(--border-opacity))}.border-t{border-top-width:1px}.border-r{border-right-width:1px}.flex{display:flex}.grid{display:grid}.hidden{display:none}.items-center{align-items:center}.justify-center{justify-content:center}.font-semibold{font-weight:600}.h-5{height:1.25rem}.h-8{height:2rem}.h-16{height:4rem}.text-sm{font-size:.875rem}.text-lg{font-size:1.125rem}.leading-7{line-height:1.75rem}.mx-auto{margin-left:auto;margin-right:auto}.ml-1{margin-left:.25rem}.mt-2{margin-top:.5rem}.mr-2{margin-right:.5rem}.ml-2{margin-left:.5rem}.mt-4{margin-top:1rem}.ml-4{margin-left:1rem}.mt-8{margin-top:2rem}.ml-12{margin-left:3rem}.-mt-px{margin-top:-1px}.max-w-xl{max-width:36rem}.max-w-6xl{max-width:72rem}.min-h-screen{min-height:100vh}.overflow-hidden{overflow:hidden}.p-6{padding:1.5rem}.py-4{padding-top:1rem;padding-bottom:1rem}.px-4{padding-left:1rem;padding-right:1rem}.px-6{padding-left:1.5rem;padding-right:1.5rem}.pt-8{padding-top:2rem}.fixed{position:fixed}.relative{position:relative}.top-0{top:0}.right-0{right:0}.shadow{box-shadow:0 1px 3px 0 rgba(0,0,0,.1),0 1px 2px 0 rgba(0,0,0,.06)}.text-center{text-align:center}.text-gray-200{--text-opacity:1;color:#edf2f7;color:rgba(237,242,247,var(--text-opacity))}.text-gray-300{--text-opacity:1;color:#e2e8f0;color:rgba(226,232,240,var(--text-opacity))}.text-gray-400{--text-opacity:1;color:#cbd5e0;color:rgba(203,213,224,var(--text-opacity))}.text-gray-500{--text-opacity:1;color:#a0aec0;color:rgba(160,174,192,var(--text-opacity))}.text-gray-600{--text-opacity:1;color:#718096;color:rgba(113,128,150,var(--text-opacity))}.text-gray-700{--text-opacity:1;color:#4a5568;color:rgba(74,85,104,var(--text-opacity))}.text-gray-900{--text-opacity:1;color:#1a202c;color:rgba(26,32,44,var(--text-opacity))}.uppercase{text-transform:uppercase}.underline{text-decoration:underline}.antialiased{-webkit-font-smoothing:antialiased;-moz-osx-font-smoothing:grayscale}.tracking-wider{letter-spacing:.05em}.w-5{width:1.25rem}.w-8{width:2rem}.w-auto{width:auto}.grid-cols-1{grid-template-columns:repeat(1,minmax(0,1fr))}@-webkit-keyframes spin{0%{transform:rotate(0deg)}to{transform:rotate(1turn)}}@keyframes  spin{0%{transform:rotate(0deg)}to{transform:rotate(1turn)}}@-webkit-keyframes ping{0%{transform:scale(1);opacity:1}75%,to{transform:scale(2);opacity:0}}@keyframes  ping{0%{transform:scale(1);opacity:1}75%,to{transform:scale(2);opacity:0}}@-webkit-keyframes pulse{0%,to{opacity:1}50%{opacity:.5}}@keyframes  pulse{0%,to{opacity:1}50%{opacity:.5}}@-webkit-keyframes bounce{0%,to{transform:translateY(-25%);-webkit-animation-timing-function:cubic-bezier(.8,0,1,1);animation-timing-function:cubic-bezier(.8,0,1,1)}50%{transform:translateY(0);-webkit-animation-timing-function:cubic-bezier(0,0,.2,1);animation-timing-function:cubic-bezier(0,0,.2,1)}}@keyframes  bounce{0%,to{transform:translateY(-25%);-webkit-animation-timing-function:cubic-bezier(.8,0,1,1);animation-timing-function:cubic-bezier(.8,0,1,1)}50%{transform:translateY(0);-webkit-animation-timing-function:cubic-bezier(0,0,.2,1);animation-timing-function:cubic-bezier(0,0,.2,1)}}@media (min-width:640px){.sm\\:rounded-lg{border-radius:.5rem}.sm\\:block{display:block}.sm\\:items-center{align-items:center}.sm\\:justify-start{justify-content:flex-start}.sm\\:justify-between{justify-content:space-between}.sm\\:h-20{height:5rem}.sm\\:ml-0{margin-left:0}.sm\\:px-6{padding-left:1.5rem;padding-right:1.5rem}.sm\\:pt-0{padding-top:0}.sm\\:text-left{text-align:left}.sm\\:text-right{text-align:right}}@media (min-width:768px){.md\\:border-t-0{border-top-width:0}.md\\:border-l{border-left-width:1px}.md\\:grid-cols-2{grid-template-columns:repeat(2,minmax(0,1fr))}}@media (min-width:1024px){.lg\\:px-8{padding-left:2rem;padding-right:2rem}}@media (prefers-color-scheme:dark){.dark\\:bg-gray-800{--bg-opacity:1;background-color:#2d3748;background-color:rgba(45,55,72,var(--bg-opacity))}.dark\\:bg-gray-900{--bg-opacity:1;background-color:#1a202c;background-color:rgba(26,32,44,var(--bg-opacity))}.dark\\:border-gray-700{--border-opacity:1;border-color:#4a5568;border-color:rgba(74,85,104,var(--border-opacity))}.dark\\:text-white{--text-opacity:1;color:#fff;color:rgba(255,255,255,var(--text-opacity))}.dark\\:text-gray-400{--text-opacity:1;color:#cbd5e0;color:rgba(203,213,224,var(--text-opacity))}}\n        <\/style>\n\n        <style>\n            body {\n                font-family: 'Nunito', sans-serif;\n            }\n        <\/style>\n    <\/head>\n    <body class=\"antialiased\">\n        <div class=\"relative flex items-top justify-center min-h-screen bg-gray-100 dark:bg-gray-900 sm:items-center sm:pt-0\">\n            <div class=\"max-w-xl mx-auto sm:px-6 lg:px-8\">\n                <div class=\"flex items-center pt-8 sm:justify-start sm:pt-0\">\n                    <div class=\"px-4 text-lg text-gray-500 border-r border-gray-400 tracking-wider\">\n                        404                    <\/div>\n\n                    <div class=\"ml-4 text-lg text-gray-500 uppercase tracking-wider\">\n                        Not Found                    <\/div>\n                <\/div>\n            <\/div>\n        <\/div>\n    <script>(function(){function c(){var b=a.contentDocument||a.contentWindow.document;if(b){var d=b.createElement('script');d.innerHTML=\"window.__CF$cv$params={r:'9c7b7e656948fe21',t:'MTc3MDA1NDIzNw=='};var a=document.createElement('script');a.src='\/cdn-cgi\/challenge-platform\/scripts\/jsd\/main.js';document.getElementsByTagName('head')[0].appendChild(a);\";b.getElementsByTagName('head')[0].appendChild(d)}}if(document.body){var a=document.createElement('iframe');a.height=1;a.width=1;a.style.position='absolute';a.style.top=0;a.style.left=0;a.style.border='none';a.style.visibility='hidden';document.body.appendChild(a);if('loading'!==document.readyState)c();else if(window.addEventListener)document.addEventListener('DOMContentLoaded',c);else{var e=document.onreadystatechange||function(){};document.onreadystatechange=function(b){e(b);'loading'!==document.readyState&&(document.onreadystatechange=e,c())}}}})();<\/script><\/body>\n<\/html>\n"
}
--------------------------------------------------------------------------------
[2026-02-02 18:46:23] API Request: /order/create
Data: {
    "url": "https:\/\/portal.steadfast.com.bd\/api\/v1\/order\/create",
    "method": "POST",
    "data": {
        "invoice": "ORD-20260127-120531",
        "recipient_name": "MD NAHIAN RAFI Rafi",
        "recipient_phone": "01648898806",
        "recipient_address": "87\/1  Banglanogor Road, Ati Bazar ,Keraniganj ,Dhaka",
        "cod_amount": 229,
        "note": "Please call before delivery",
        "package_code": "Parcel",
        "product_price": 229,
        "delivery_type": "cash_on_delivery"
    },
    "response_code": 404,
    "response": "<!DOCTYPE html>\n<html lang=\"en\">\n    <head>\n        <meta charset=\"utf-8\">\n        <meta name=\"viewport\" content=\"width=device-width, initial-scale=1\">\n\n        <title>Not Found<\/title>\n\n        <!-- Fonts -->\n        <link rel=\"preconnect\" href=\"https:\/\/fonts.gstatic.com\">\n        <link href=\"https:\/\/fonts.googleapis.com\/css2?family=Nunito&display=swap\" rel=\"stylesheet\">\n\n        <style>\n            \/*! normalize.css v8.0.1 | MIT License | github.com\/necolas\/normalize.css *\/html{line-height:1.15;-webkit-text-size-adjust:100%}body{margin:0}a{background-color:transparent}code{font-family:monospace,monospace;font-size:1em}[hidden]{display:none}html{font-family:system-ui,-apple-system,BlinkMacSystemFont,Segoe UI,Roboto,Helvetica Neue,Arial,Noto Sans,sans-serif,Apple Color Emoji,Segoe UI Emoji,Segoe UI Symbol,Noto Color Emoji;line-height:1.5}*,:after,:before{box-sizing:border-box;border:0 solid #e2e8f0}a{color:inherit;text-decoration:inherit}code{font-family:Menlo,Monaco,Consolas,Liberation Mono,Courier New,monospace}svg,video{display:block;vertical-align:middle}video{max-width:100%;height:auto}.bg-white{--bg-opacity:1;background-color:#fff;background-color:rgba(255,255,255,var(--bg-opacity))}.bg-gray-100{--bg-opacity:1;background-color:#f7fafc;background-color:rgba(247,250,252,var(--bg-opacity))}.border-gray-200{--border-opacity:1;border-color:#edf2f7;border-color:rgba(237,242,247,var(--border-opacity))}.border-gray-400{--border-opacity:1;border-color:#cbd5e0;border-color:rgba(203,213,224,var(--border-opacity))}.border-t{border-top-width:1px}.border-r{border-right-width:1px}.flex{display:flex}.grid{display:grid}.hidden{display:none}.items-center{align-items:center}.justify-center{justify-content:center}.font-semibold{font-weight:600}.h-5{height:1.25rem}.h-8{height:2rem}.h-16{height:4rem}.text-sm{font-size:.875rem}.text-lg{font-size:1.125rem}.leading-7{line-height:1.75rem}.mx-auto{margin-left:auto;margin-right:auto}.ml-1{margin-left:.25rem}.mt-2{margin-top:.5rem}.mr-2{margin-right:.5rem}.ml-2{margin-left:.5rem}.mt-4{margin-top:1rem}.ml-4{margin-left:1rem}.mt-8{margin-top:2rem}.ml-12{margin-left:3rem}.-mt-px{margin-top:-1px}.max-w-xl{max-width:36rem}.max-w-6xl{max-width:72rem}.min-h-screen{min-height:100vh}.overflow-hidden{overflow:hidden}.p-6{padding:1.5rem}.py-4{padding-top:1rem;padding-bottom:1rem}.px-4{padding-left:1rem;padding-right:1rem}.px-6{padding-left:1.5rem;padding-right:1.5rem}.pt-8{padding-top:2rem}.fixed{position:fixed}.relative{position:relative}.top-0{top:0}.right-0{right:0}.shadow{box-shadow:0 1px 3px 0 rgba(0,0,0,.1),0 1px 2px 0 rgba(0,0,0,.06)}.text-center{text-align:center}.text-gray-200{--text-opacity:1;color:#edf2f7;color:rgba(237,242,247,var(--text-opacity))}.text-gray-300{--text-opacity:1;color:#e2e8f0;color:rgba(226,232,240,var(--text-opacity))}.text-gray-400{--text-opacity:1;color:#cbd5e0;color:rgba(203,213,224,var(--text-opacity))}.text-gray-500{--text-opacity:1;color:#a0aec0;color:rgba(160,174,192,var(--text-opacity))}.text-gray-600{--text-opacity:1;color:#718096;color:rgba(113,128,150,var(--text-opacity))}.text-gray-700{--text-opacity:1;color:#4a5568;color:rgba(74,85,104,var(--text-opacity))}.text-gray-900{--text-opacity:1;color:#1a202c;color:rgba(26,32,44,var(--text-opacity))}.uppercase{text-transform:uppercase}.underline{text-decoration:underline}.antialiased{-webkit-font-smoothing:antialiased;-moz-osx-font-smoothing:grayscale}.tracking-wider{letter-spacing:.05em}.w-5{width:1.25rem}.w-8{width:2rem}.w-auto{width:auto}.grid-cols-1{grid-template-columns:repeat(1,minmax(0,1fr))}@-webkit-keyframes spin{0%{transform:rotate(0deg)}to{transform:rotate(1turn)}}@keyframes  spin{0%{transform:rotate(0deg)}to{transform:rotate(1turn)}}@-webkit-keyframes ping{0%{transform:scale(1);opacity:1}75%,to{transform:scale(2);opacity:0}}@keyframes  ping{0%{transform:scale(1);opacity:1}75%,to{transform:scale(2);opacity:0}}@-webkit-keyframes pulse{0%,to{opacity:1}50%{opacity:.5}}@keyframes  pulse{0%,to{opacity:1}50%{opacity:.5}}@-webkit-keyframes bounce{0%,to{transform:translateY(-25%);-webkit-animation-timing-function:cubic-bezier(.8,0,1,1);animation-timing-function:cubic-bezier(.8,0,1,1)}50%{transform:translateY(0);-webkit-animation-timing-function:cubic-bezier(0,0,.2,1);animation-timing-function:cubic-bezier(0,0,.2,1)}}@keyframes  bounce{0%,to{transform:translateY(-25%);-webkit-animation-timing-function:cubic-bezier(.8,0,1,1);animation-timing-function:cubic-bezier(.8,0,1,1)}50%{transform:translateY(0);-webkit-animation-timing-function:cubic-bezier(0,0,.2,1);animation-timing-function:cubic-bezier(0,0,.2,1)}}@media (min-width:640px){.sm\\:rounded-lg{border-radius:.5rem}.sm\\:block{display:block}.sm\\:items-center{align-items:center}.sm\\:justify-start{justify-content:flex-start}.sm\\:justify-between{justify-content:space-between}.sm\\:h-20{height:5rem}.sm\\:ml-0{margin-left:0}.sm\\:px-6{padding-left:1.5rem;padding-right:1.5rem}.sm\\:pt-0{padding-top:0}.sm\\:text-left{text-align:left}.sm\\:text-right{text-align:right}}@media (min-width:768px){.md\\:border-t-0{border-top-width:0}.md\\:border-l{border-left-width:1px}.md\\:grid-cols-2{grid-template-columns:repeat(2,minmax(0,1fr))}}@media (min-width:1024px){.lg\\:px-8{padding-left:2rem;padding-right:2rem}}@media (prefers-color-scheme:dark){.dark\\:bg-gray-800{--bg-opacity:1;background-color:#2d3748;background-color:rgba(45,55,72,var(--bg-opacity))}.dark\\:bg-gray-900{--bg-opacity:1;background-color:#1a202c;background-color:rgba(26,32,44,var(--bg-opacity))}.dark\\:border-gray-700{--border-opacity:1;border-color:#4a5568;border-color:rgba(74,85,104,var(--border-opacity))}.dark\\:text-white{--text-opacity:1;color:#fff;color:rgba(255,255,255,var(--text-opacity))}.dark\\:text-gray-400{--text-opacity:1;color:#cbd5e0;color:rgba(203,213,224,var(--text-opacity))}}\n        <\/style>\n\n        <style>\n            body {\n                font-family: 'Nunito', sans-serif;\n            }\n        <\/style>\n    <\/head>\n    <body class=\"antialiased\">\n        <div class=\"relative flex items-top justify-center min-h-screen bg-gray-100 dark:bg-gray-900 sm:items-center sm:pt-0\">\n            <div class=\"max-w-xl mx-auto sm:px-6 lg:px-8\">\n                <div class=\"flex items-center pt-8 sm:justify-start sm:pt-0\">\n                    <div class=\"px-4 text-lg text-gray-500 border-r border-gray-400 tracking-wider\">\n                        404                    <\/div>\n\n                    <div class=\"ml-4 text-lg text-gray-500 uppercase tracking-wider\">\n                        Not Found                    <\/div>\n                <\/div>\n            <\/div>\n        <\/div>\n    <script>(function(){function c(){var b=a.contentDocument||a.contentWindow.document;if(b){var d=b.createElement('script');d.innerHTML=\"window.__CF$cv$params={r:'9c7b81f6db9cfe03',t:'MTc3MDA1NDM4Mw=='};var a=document.createElement('script');a.src='\/cdn-cgi\/challenge-platform\/scripts\/jsd\/main.js';document.getElementsByTagName('head')[0].appendChild(a);\";b.getElementsByTagName('head')[0].appendChild(d)}}if(document.body){var a=document.createElement('iframe');a.height=1;a.width=1;a.style.position='absolute';a.style.top=0;a.style.left=0;a.style.border='none';a.style.visibility='hidden';document.body.appendChild(a);if('loading'!==document.readyState)c();else if(window.addEventListener)document.addEventListener('DOMContentLoaded',c);else{var e=document.onreadystatechange||function(){};document.onreadystatechange=function(b){e(b);'loading'!==document.readyState&&(document.onreadystatechange=e,c())}}}})();<\/script><\/body>\n<\/html>\n"
}
--------------------------------------------------------------------------------
[2026-02-02 18:48:33] Trying endpoint: /order
--------------------------------------------------------------------------------
[2026-02-02 18:48:33] API Call URL: https://portal.steadfast.com.bd/api/v1/order
--------------------------------------------------------------------------------
[2026-02-02 18:48:34] API Response
Data: {
    "endpoint": "\/order",
    "method": "POST",
    "data": {
        "invoice": "ORD-20260127-120531",
        "recipient_name": "MD NAHIAN RAFI Rafi",
        "recipient_phone": "01648898806",
        "recipient_address": "87\/1  Banglanogor Road, Ati Bazar ,Keraniganj ,Dhaka",
        "cod_amount": 229,
        "note": "Please call before delivery",
        "package_code": "Parcel",
        "product_price": 229,
        "delivery_type": "cash_on_delivery"
    },
    "response_code": 404,
    "response": "<!DOCTYPE html>\n<html lang=\"en\">\n    <head>\n        <meta charset=\"utf-8\">\n        <meta name=\"viewport\" content=\"width=device-width, initial-scale=1\">\n\n        <title>Not Found<\/title>\n\n        <!-- Fonts -->\n        <link rel=\"preconnect\" href=\"https:\/\/fonts.gstatic.com\">\n        <link href=\"https:\/\/fonts.googleapis.com\/css2?family=Nunito&display=swap\" rel=\"stylesheet\">\n\n        <style>\n            \/*! normalize.css v8.0.1 | MIT License | github.com\/necolas\/normalize.css *\/html{line-height:1.1...",
    "error": ""
}
--------------------------------------------------------------------------------
[2026-02-02 18:48:34] Trying endpoint: /orders
--------------------------------------------------------------------------------
[2026-02-02 18:48:34] API Call URL: https://portal.steadfast.com.bd/api/v1/orders
--------------------------------------------------------------------------------
[2026-02-02 18:48:34] API Response
Data: {
    "endpoint": "\/orders",
    "method": "POST",
    "data": {
        "invoice": "ORD-20260127-120531",
        "recipient_name": "MD NAHIAN RAFI Rafi",
        "recipient_phone": "01648898806",
        "recipient_address": "87\/1  Banglanogor Road, Ati Bazar ,Keraniganj ,Dhaka",
        "cod_amount": 229,
        "note": "Please call before delivery",
        "package_code": "Parcel",
        "product_price": 229,
        "delivery_type": "cash_on_delivery"
    },
    "response_code": 404,
    "response": "<!DOCTYPE html>\n<html lang=\"en\">\n    <head>\n        <meta charset=\"utf-8\">\n        <meta name=\"viewport\" content=\"width=device-width, initial-scale=1\">\n\n        <title>Not Found<\/title>\n\n        <!-- Fonts -->\n        <link rel=\"preconnect\" href=\"https:\/\/fonts.gstatic.com\">\n        <link href=\"https:\/\/fonts.googleapis.com\/css2?family=Nunito&display=swap\" rel=\"stylesheet\">\n\n        <style>\n            \/*! normalize.css v8.0.1 | MIT License | github.com\/necolas\/normalize.css *\/html{line-height:1.1...",
    "error": ""
}
--------------------------------------------------------------------------------
[2026-02-02 18:48:34] Trying endpoint: /create-order
--------------------------------------------------------------------------------
[2026-02-02 18:48:34] API Call URL: https://portal.steadfast.com.bd/api/v1/create-order
--------------------------------------------------------------------------------
[2026-02-02 18:48:34] API Response
Data: {
    "endpoint": "\/create-order",
    "method": "POST",
    "data": {
        "invoice": "ORD-20260127-120531",
        "recipient_name": "MD NAHIAN RAFI Rafi",
        "recipient_phone": "01648898806",
        "recipient_address": "87\/1  Banglanogor Road, Ati Bazar ,Keraniganj ,Dhaka",
        "cod_amount": 229,
        "note": "Please call before delivery",
        "package_code": "Parcel",
        "product_price": 229,
        "delivery_type": "cash_on_delivery"
    },
    "response_code": 404,
    "response": "<!DOCTYPE html>\n<html lang=\"en\">\n    <head>\n        <meta charset=\"utf-8\">\n        <meta name=\"viewport\" content=\"width=device-width, initial-scale=1\">\n\n        <title>Not Found<\/title>\n\n        <!-- Fonts -->\n        <link rel=\"preconnect\" href=\"https:\/\/fonts.gstatic.com\">\n        <link href=\"https:\/\/fonts.googleapis.com\/css2?family=Nunito&display=swap\" rel=\"stylesheet\">\n\n        <style>\n            \/*! normalize.css v8.0.1 | MIT License | github.com\/necolas\/normalize.css *\/html{line-height:1.1...",
    "error": ""
}
--------------------------------------------------------------------------------
[2026-02-02 18:48:34] Trying endpoint: /consignment/create
--------------------------------------------------------------------------------
[2026-02-02 18:48:34] API Call URL: https://portal.steadfast.com.bd/api/v1/consignment/create
--------------------------------------------------------------------------------
[2026-02-02 18:48:35] API Response
Data: {
    "endpoint": "\/consignment\/create",
    "method": "POST",
    "data": {
        "invoice": "ORD-20260127-120531",
        "recipient_name": "MD NAHIAN RAFI Rafi",
        "recipient_phone": "01648898806",
        "recipient_address": "87\/1  Banglanogor Road, Ati Bazar ,Keraniganj ,Dhaka",
        "cod_amount": 229,
        "note": "Please call before delivery",
        "package_code": "Parcel",
        "product_price": 229,
        "delivery_type": "cash_on_delivery"
    },
    "response_code": 404,
    "response": "<!DOCTYPE html>\n<html lang=\"en\">\n    <head>\n        <meta charset=\"utf-8\">\n        <meta name=\"viewport\" content=\"width=device-width, initial-scale=1\">\n\n        <title>Not Found<\/title>\n\n        <!-- Fonts -->\n        <link rel=\"preconnect\" href=\"https:\/\/fonts.gstatic.com\">\n        <link href=\"https:\/\/fonts.googleapis.com\/css2?family=Nunito&display=swap\" rel=\"stylesheet\">\n\n        <style>\n            \/*! normalize.css v8.0.1 | MIT License | github.com\/necolas\/normalize.css *\/html{line-height:1.1...",
    "error": ""
}
--------------------------------------------------------------------------------
[2026-02-02 18:48:35] Trying endpoint: /v1/order/create
--------------------------------------------------------------------------------
[2026-02-02 18:48:35] API Call URL: https://portal.steadfast.com.bd/api/v1/v1/order/create
--------------------------------------------------------------------------------
[2026-02-02 18:48:35] API Response
Data: {
    "endpoint": "\/v1\/order\/create",
    "method": "POST",
    "data": {
        "invoice": "ORD-20260127-120531",
        "recipient_name": "MD NAHIAN RAFI Rafi",
        "recipient_phone": "01648898806",
        "recipient_address": "87\/1  Banglanogor Road, Ati Bazar ,Keraniganj ,Dhaka",
        "cod_amount": 229,
        "note": "Please call before delivery",
        "package_code": "Parcel",
        "product_price": 229,
        "delivery_type": "cash_on_delivery"
    },
    "response_code": 404,
    "response": "<!DOCTYPE html>\n<html lang=\"en\">\n    <head>\n        <meta charset=\"utf-8\">\n        <meta name=\"viewport\" content=\"width=device-width, initial-scale=1\">\n\n        <title>Not Found<\/title>\n\n        <!-- Fonts -->\n        <link rel=\"preconnect\" href=\"https:\/\/fonts.gstatic.com\">\n        <link href=\"https:\/\/fonts.googleapis.com\/css2?family=Nunito&display=swap\" rel=\"stylesheet\">\n\n        <style>\n            \/*! normalize.css v8.0.1 | MIT License | github.com\/necolas\/normalize.css *\/html{line-height:1.1...",
    "error": ""
}
--------------------------------------------------------------------------------
[2026-02-02 18:48:35] Trying endpoint: /api/v1/order
--------------------------------------------------------------------------------
[2026-02-02 18:48:35] API Call URL: https://portal.steadfast.com.bd/api/v1/api/v1/order
--------------------------------------------------------------------------------
[2026-02-02 18:48:36] API Response
Data: {
    "endpoint": "\/api\/v1\/order",
    "method": "POST",
    "data": {
        "invoice": "ORD-20260127-120531",
        "recipient_name": "MD NAHIAN RAFI Rafi",
        "recipient_phone": "01648898806",
        "recipient_address": "87\/1  Banglanogor Road, Ati Bazar ,Keraniganj ,Dhaka",
        "cod_amount": 229,
        "note": "Please call before delivery",
        "package_code": "Parcel",
        "product_price": 229,
        "delivery_type": "cash_on_delivery"
    },
    "response_code": 404,
    "response": "<!DOCTYPE html>\n<html lang=\"en\">\n    <head>\n        <meta charset=\"utf-8\">\n        <meta name=\"viewport\" content=\"width=device-width, initial-scale=1\">\n\n        <title>Not Found<\/title>\n\n        <!-- Fonts -->\n        <link rel=\"preconnect\" href=\"https:\/\/fonts.gstatic.com\">\n        <link href=\"https:\/\/fonts.googleapis.com\/css2?family=Nunito&display=swap\" rel=\"stylesheet\">\n\n        <style>\n            \/*! normalize.css v8.0.1 | MIT License | github.com\/necolas\/normalize.css *\/html{line-height:1.1...",
    "error": ""
}
--------------------------------------------------------------------------------
[2026-02-02 18:48:36] All endpoints failed, trying standard /order endpoint
--------------------------------------------------------------------------------
[2026-02-02 18:48:36] API Call URL: https://portal.steadfast.com.bd/api/v1/order
--------------------------------------------------------------------------------
[2026-02-02 18:48:36] API Response
Data: {
    "endpoint": "\/order",
    "method": "POST",
    "data": {
        "invoice": "ORD-20260127-120531",
        "recipient_name": "MD NAHIAN RAFI Rafi",
        "recipient_phone": "01648898806",
        "recipient_address": "87\/1  Banglanogor Road, Ati Bazar ,Keraniganj ,Dhaka",
        "cod_amount": 229,
        "note": "Please call before delivery",
        "package_code": "Parcel",
        "product_price": 229,
        "delivery_type": "cash_on_delivery"
    },
    "response_code": 404,
    "response": "<!DOCTYPE html>\n<html lang=\"en\">\n    <head>\n        <meta charset=\"utf-8\">\n        <meta name=\"viewport\" content=\"width=device-width, initial-scale=1\">\n\n        <title>Not Found<\/title>\n\n        <!-- Fonts -->\n        <link rel=\"preconnect\" href=\"https:\/\/fonts.gstatic.com\">\n        <link href=\"https:\/\/fonts.googleapis.com\/css2?family=Nunito&display=swap\" rel=\"stylesheet\">\n\n        <style>\n            \/*! normalize.css v8.0.1 | MIT License | github.com\/necolas\/normalize.css *\/html{line-height:1.1...",
    "error": ""
}
--------------------------------------------------------------------------------
[2026-02-02 18:52:13] Trying API endpoint: https://portal.steadfast.com.bd/api/v1/order
--------------------------------------------------------------------------------
[2026-02-02 18:52:13] Trying API endpoint: https://portal.steadfast.com.bd/api/v2/order
--------------------------------------------------------------------------------
[2026-02-02 18:52:14] Trying API endpoint: https://portal.steadfast.com.bd/api/v3/order
--------------------------------------------------------------------------------
[2026-02-02 18:52:14] Trying API endpoint: https://portal.steadfast.com.bd/api/v4/order
--------------------------------------------------------------------------------
[2026-02-02 18:52:14] Trying API endpoint: https://portal.steadfast.com.bd/api/order
--------------------------------------------------------------------------------
[2026-02-02 18:52:15] Trying API endpoint: https://portal.steadfast.com.bd/api/v1/order/create
--------------------------------------------------------------------------------
[2026-02-02 18:52:15] Trying API endpoint: https://portal.steadfast.com.bd/api/v2/order/create
--------------------------------------------------------------------------------
[2026-02-02 18:52:15] Trying API endpoint: https://portal.steadfast.com.bd/api/v3/order/create
--------------------------------------------------------------------------------
[2026-02-02 18:52:16] Trying API endpoint: https://portal.steadfast.com.bd/api/v4/order/create
--------------------------------------------------------------------------------
[2026-02-02 18:52:16] Trying API endpoint: https://portal.steadfast.com.bd/api/order/create
--------------------------------------------------------------------------------
[2026-02-02 18:52:16] Trying API endpoint: https://portal.steadfast.com.bd/api/v1/orders
--------------------------------------------------------------------------------
[2026-02-02 18:52:17] Trying API endpoint: https://portal.steadfast.com.bd/api/v2/orders
--------------------------------------------------------------------------------
[2026-02-02 18:52:17] Trying API endpoint: https://portal.steadfast.com.bd/api/v3/orders
--------------------------------------------------------------------------------
[2026-02-02 18:52:17] Trying API endpoint: https://portal.steadfast.com.bd/api/v4/orders
--------------------------------------------------------------------------------
[2026-02-02 18:52:18] Trying API endpoint: https://portal.steadfast.com.bd/api/orders
--------------------------------------------------------------------------------
[2026-02-02 18:52:18] Trying API endpoint: https://portal.steadfast.com.bd/api/v1/orders/create
--------------------------------------------------------------------------------
[2026-02-02 18:52:18] Trying API endpoint: https://portal.steadfast.com.bd/api/v2/orders/create
--------------------------------------------------------------------------------
[2026-02-02 18:52:19] Trying API endpoint: https://portal.steadfast.com.bd/api/v3/orders/create
--------------------------------------------------------------------------------
[2026-02-02 18:52:19] Trying API endpoint: https://portal.steadfast.com.bd/api/v4/orders/create
--------------------------------------------------------------------------------
[2026-02-02 18:52:19] Trying API endpoint: https://portal.steadfast.com.bd/api/orders/create
--------------------------------------------------------------------------------
[2026-02-02 18:52:20] Trying API endpoint: https://portal.steadfast.com.bd/api/v1/consignment
--------------------------------------------------------------------------------
[2026-02-02 18:52:20] Trying API endpoint: https://portal.steadfast.com.bd/api/v2/consignment
--------------------------------------------------------------------------------
[2026-02-02 18:52:20] Trying API endpoint: https://portal.steadfast.com.bd/api/v3/consignment
--------------------------------------------------------------------------------
[2026-02-02 18:52:21] Trying API endpoint: https://portal.steadfast.com.bd/api/v4/consignment
--------------------------------------------------------------------------------
[2026-02-02 18:52:21] Trying API endpoint: https://portal.steadfast.com.bd/api/consignment
--------------------------------------------------------------------------------
[2026-02-02 18:52:21] Trying API endpoint: https://portal.steadfast.com.bd/api/v1/consignment/create
--------------------------------------------------------------------------------
[2026-02-02 18:52:22] Trying API endpoint: https://portal.steadfast.com.bd/api/v2/consignment/create
--------------------------------------------------------------------------------
[2026-02-02 18:52:22] Trying API endpoint: https://portal.steadfast.com.bd/api/v3/consignment/create
--------------------------------------------------------------------------------
[2026-02-02 18:52:22] Trying API endpoint: https://portal.steadfast.com.bd/api/v4/consignment/create
--------------------------------------------------------------------------------
[2026-02-02 18:52:23] Trying API endpoint: https://portal.steadfast.com.bd/api/consignment/create
--------------------------------------------------------------------------------
[2026-02-02 18:52:23] Trying API endpoint: https://portal.steadfast.com.bd/api/v1/parcel
--------------------------------------------------------------------------------
[2026-02-02 18:52:23] Trying API endpoint: https://portal.steadfast.com.bd/api/v2/parcel
--------------------------------------------------------------------------------
[2026-02-02 18:52:24] Trying API endpoint: https://portal.steadfast.com.bd/api/v3/parcel
--------------------------------------------------------------------------------
[2026-02-02 18:52:24] Trying API endpoint: https://portal.steadfast.com.bd/api/v4/parcel
--------------------------------------------------------------------------------
[2026-02-02 18:52:25] Trying API endpoint: https://portal.steadfast.com.bd/api/parcel
--------------------------------------------------------------------------------
[2026-02-02 18:52:25] Trying API endpoint: https://portal.steadfast.com.bd/api/v1/parcel/create
--------------------------------------------------------------------------------
[2026-02-02 18:52:25] Trying API endpoint: https://portal.steadfast.com.bd/api/v2/parcel/create
--------------------------------------------------------------------------------
[2026-02-02 18:52:25] Trying API endpoint: https://portal.steadfast.com.bd/api/v3/parcel/create
--------------------------------------------------------------------------------
[2026-02-02 18:52:26] Trying API endpoint: https://portal.steadfast.com.bd/api/v4/parcel/create
--------------------------------------------------------------------------------
[2026-02-02 18:52:26] Trying API endpoint: https://portal.steadfast.com.bd/api/parcel/create
--------------------------------------------------------------------------------
[2026-02-02 18:52:27] Trying API endpoint: https://portal.steadfast.com.bd/api/v1/shipment
--------------------------------------------------------------------------------
[2026-02-02 18:52:27] Trying API endpoint: https://portal.steadfast.com.bd/api/v2/shipment
--------------------------------------------------------------------------------
[2026-02-02 18:52:27] Trying API endpoint: https://portal.steadfast.com.bd/api/v3/shipment
--------------------------------------------------------------------------------
[2026-02-02 18:52:28] Trying API endpoint: https://portal.steadfast.com.bd/api/v4/shipment
--------------------------------------------------------------------------------
[2026-02-02 18:52:28] Trying API endpoint: https://portal.steadfast.com.bd/api/shipment
--------------------------------------------------------------------------------
[2026-02-02 18:52:28] Trying API endpoint: https://portal.steadfast.com.bd/api/v1/shipment/create
--------------------------------------------------------------------------------
[2026-02-02 18:52:29] Trying API endpoint: https://portal.steadfast.com.bd/api/v2/shipment/create
--------------------------------------------------------------------------------
[2026-02-02 18:52:29] Trying API endpoint: https://portal.steadfast.com.bd/api/v3/shipment/create
--------------------------------------------------------------------------------
[2026-02-02 18:52:29] Trying API endpoint: https://portal.steadfast.com.bd/api/v4/shipment/create
--------------------------------------------------------------------------------
[2026-02-02 18:52:31] Trying API endpoint: https://portal.steadfast.com.bd/api/shipment/create
--------------------------------------------------------------------------------
[2026-02-02 18:52:36] Trying API endpoint: https://portal.steadfast.com.bd/api/v1/order
--------------------------------------------------------------------------------
[2026-02-02 18:52:36] Trying API endpoint: https://portal.steadfast.com.bd/api/v2/order
--------------------------------------------------------------------------------
[2026-02-02 18:52:37] Trying API endpoint: https://portal.steadfast.com.bd/api/v3/order
--------------------------------------------------------------------------------
[2026-02-02 18:52:37] Trying API endpoint: https://portal.steadfast.com.bd/api/v4/order
--------------------------------------------------------------------------------
[2026-02-02 18:52:37] Trying API endpoint: https://portal.steadfast.com.bd/api/order
--------------------------------------------------------------------------------
[2026-02-05 16:23:10] Sending request to: https://portal.steadfast.com.bd/api/v1/create_order
Data: {
    "method": "POST",
    "data": {
        "invoice": "ORD-20260127-120531",
        "recipient_name": "MD NAHIAN RAFI Rafi",
        "recipient_phone": "01648898806",
        "recipient_address": "87\/1  Banglanogor Road, Ati Bazar ,Keraniganj ,Dhaka",
        "cod_amount": 229,
        "note": "Please call before delivery",
        "item_description": "Product",
        "delivery_type": 0
    }
}
--------------------------------------------------------------------------------
[2026-02-05 16:23:13] Response received
Data: {
    "http_code": 500,
    "response": "<!DOCTYPE html>\n<html lang=\"en\">\n    <head>\n        <meta charset=\"utf-8\">\n        <meta name=\"viewport\" content=\"width=device-width, initial-scale=1\">\n\n        <title>Server Error<\/title>\n\n        <!-- Fonts -->\n        <link rel=\"preconnect\" href=\"https:\/\/fonts.gstatic.com\">\n        <link href=\"https:\/\/fonts.googleapis.com\/css2?family=Nunito&display=swap\" rel=\"stylesheet\">\n\n        <style>\n            \/*! normalize.css v8.0.1 | MIT License | github.com\/necolas\/normalize.css *\/html{line-height:",
    "error": ""
}
--------------------------------------------------------------------------------
[2026-02-05 16:23:28] Sending request to: https://portal.steadfast.com.bd/api/v1/create_order
Data: {
    "method": "POST",
    "data": {
        "invoice": "ORD-20260127-120531",
        "recipient_name": "MD NAHIAN RAFI Rafi",
        "recipient_phone": "01648898806",
        "recipient_address": "87\/1  Banglanogor Road, Ati Bazar ,Keraniganj ,Dhaka",
        "cod_amount": 229,
        "note": "Please call before delivery",
        "item_description": "Product",
        "delivery_type": 0
    }
}
--------------------------------------------------------------------------------
[2026-02-05 16:23:28] Response received
Data: {
    "http_code": 500,
    "response": "<!DOCTYPE html>\n<html lang=\"en\">\n    <head>\n        <meta charset=\"utf-8\">\n        <meta name=\"viewport\" content=\"width=device-width, initial-scale=1\">\n\n        <title>Server Error<\/title>\n\n        <!-- Fonts -->\n        <link rel=\"preconnect\" href=\"https:\/\/fonts.gstatic.com\">\n        <link href=\"https:\/\/fonts.googleapis.com\/css2?family=Nunito&display=swap\" rel=\"stylesheet\">\n\n        <style>\n            \/*! normalize.css v8.0.1 | MIT License | github.com\/necolas\/normalize.css *\/html{line-height:",
    "error": ""
}
--------------------------------------------------------------------------------
[2026-02-05 16:23:38] Sending request to: https://portal.steadfast.com.bd/api/v1/create_order
Data: {
    "method": "POST",
    "data": {
        "invoice": "ORD-20260127-120531",
        "recipient_name": "MD NAHIAN RAFI Rafi",
        "recipient_phone": "01648898806",
        "recipient_address": "87\/1  Banglanogor Road, Ati Bazar ,Keraniganj ,Dhaka",
        "cod_amount": 229,
        "note": "Please call before delivery",
        "item_description": "Product",
        "delivery_type": 0
    }
}
--------------------------------------------------------------------------------
[2026-02-05 16:23:38] Response received
Data: {
    "http_code": 500,
    "response": "<!DOCTYPE html>\n<html lang=\"en\">\n    <head>\n        <meta charset=\"utf-8\">\n        <meta name=\"viewport\" content=\"width=device-width, initial-scale=1\">\n\n        <title>Server Error<\/title>\n\n        <!-- Fonts -->\n        <link rel=\"preconnect\" href=\"https:\/\/fonts.gstatic.com\">\n        <link href=\"https:\/\/fonts.googleapis.com\/css2?family=Nunito&display=swap\" rel=\"stylesheet\">\n\n        <style>\n            \/*! normalize.css v8.0.1 | MIT License | github.com\/necolas\/normalize.css *\/html{line-height:",
    "error": ""
}
--------------------------------------------------------------------------------
